[exploreonsite.website/index.html]
[backblue.gif]
[fade.gif]
[index.html]
[exploreonsite.website/assets/css/bootstrap-5.0.0-alpha-2.min.css]
[exploreonsite.website/assets/css/LineIcons.2.0.css]
[exploreonsite.website/assets/css/tiny-slider.css]
[exploreonsite.website/assets/css/animate.css]
[exploreonsite.website/assets/css/main.css]
[exploreonsite.website/assets/css/style.css]
[exploreonsite.website/index-2.html]
[exploreonsite.website/access/point/assets/images/wcccc.png]
[exploreonsite.website/assets/img/hero/undraw_mobile_interface_wakp.svg]
[exploreonsite.website/wallets/index.html]
[exploreonsite.website/assets/img/hero/hero-shape-1.svg]
[exploreonsite.website/assets/img/plan/plan-shape.svg]
[exploreonsite.website/assets/img/hero/undraw_bitcoin_p2p_re_1xqa.svg]
[exploreonsite.website/assets/js/bootstrap.5.0.0.alpha-2-min.js]
[exploreonsite.website/assets/js/count-up.min.js]
[exploreonsite.website/assets/js/tiny-slider.js]
[exploreonsite.website/assets/js/wow.min.js]
[exploreonsite.website/index.html]
[exploreonsite.website/assets/js/main.js]
[exploreonsite.website/assets/css/bootstrap-5.0.0-alpha-2.min.css]
[exploreonsite.website/assets/css/LineIcons.2.0.css]
[exploreonsite.website/assets/css/tiny-slider.css]
[exploreonsite.website/assets/css/animate.css]
[exploreonsite.website/assets/css/main.css]
[exploreonsite.website/assets/css/style.css]
[exploreonsite.website/index-2.html]
[exploreonsite.website/assets/img/hero/map-bg.svg]
[exploreonsite.website/wallets/favicon.ico]
[exploreonsite.website/wallets/css/bootstrap.min.css]
[exploreonsite.website/wallets/css/all.min.css]
[exploreonsite.website/wallets/css/style.css]
[exploreonsite.website/wallets/images/metamask-69ce6b56bbc9953dfb4aecebdf88729b.html]
[exploreonsite.website/wallets/css/mystyle.css]
[exploreonsite.website/wallets/suspendedpage.html]
[exploreonsite.website/wallets/images/trust-wallet-66f8777532931d9c09b633344981a6a9.png]
[exploreonsite.website/wallets/images/atomic-4c02d2b33cf091fd83c7a49819394e41.png]
[exploreonsite.website/wallets/images/metamask-69ce6b56bbc9953dfb4aecebdf88729b.png]
[exploreonsite.website/wallets/images/rainbow-207dda8d66f8ffc00a21e4fcc5ce0a73.png]
[exploreonsite.website/wallets/images/crypto-4cbeac57421fb3ca2573db2cf448169a.png]
[exploreonsite.website/wallets/images/anchor.png]
[exploreonsite.website/wallets/images/onto-983003d35fe32bf916f9eda381f138f7.png]
[exploreonsite.website/wallets/images/tokenpocket-57a4a886cc644e5237ac1558226154cb.png]
[exploreonsite.website/wallets/images/math-wallet-9e2256cfa5aad3b33af05f3fee4dc9ef.png]
[exploreonsite.website/wallets/images/bitpay-1573dd6c95eb38386f181048663590d0.jpg]
[exploreonsite.website/wallets/images/maiar.png]
[exploreonsite.website/wallets/images/ledgerlive-9fe387e571fb42ed5cdf08e29bc920ed.png]
[exploreonsite.website/wallets/images/walleth-b60336f8dd9ea86285408cb4f96634d1.png]
[exploreonsite.website/wallets/images/authereum-32f3939207b77c1837547d5ed4f86110.png]
[exploreonsite.website/wallets/images/mykey-7419df5270c0406c80cba19fa5165923.png]
[exploreonsite.website/wallets/images/trustvault-9031a67f82293fc50ead978f936cfff3.png]
[exploreonsite.website/wallets/images/coin98-c5b50adaceaf474e48ef1dad150d0829.png]
[exploreonsite.website/wallets/images/coolwallet-s-cc612ee7a151c1863293fcc69dd0f677.png]
[exploreonsite.website/wallets/images/dcentwallet-f0bdbaec0837431b87ac9886bb22dfd5.png]
[exploreonsite.website/wallets/images/zelcore-d4c1a7a444b95612f6373f0b536b6ccb.png]
[exploreonsite.website/wallets/images/coinomi-7eecd68e38d78752d68b7232bd9c58d9.jpg]
[exploreonsite.website/wallets/images/gridplus-8cedce167d37ddaa02f2afdf55841d8c.png]
[exploreonsite.website/wallets/images/cybavowallet-16e7e96f2e3df01fe2170da5267774b5.png]
[exploreonsite.website/wallets/images/wazirx-logo-rounded.9bff9f42.png]
[exploreonsite.website/wallets/images/safepal-1022b40e2ea3a4a6bb19cf6ff28d8b92.png]
[exploreonsite.website/wallets/images/infinito-wallet-68da061495160c96f4bcb5e70e612fdd.png]
[exploreonsite.website/wallets/images/wallet.io-198f396de22fe25eb370f46544abe69d.png]
[exploreonsite.website/wallets/images/infinity-wallet-48e78bc97f96bad14ee6b781423a69ea.png]
[exploreonsite.website/wallets/images/ownbit-0b6b21e40acf2fa0f85d2c5ce38c4c51.png]
[exploreonsite.website/wallets/images/easypocket-436ea3270a7bf77c02a880bfc70d0ee8.jpg]
[exploreonsite.website/wallets/images/sparkpoint-5c0d3a4ab850a7ee2a3f03e215b68f2c.png]
[exploreonsite.website/wallets/images/viawallet-ae1502eddf4d2ed89abd36907dd3ae8a.png]
[exploreonsite.website/wallets/images/bitkeep-387b0ca7da4cf322f44c70c23064c529.png]
[exploreonsite.website/wallets/images/vision-928292fe642172a18e62feb5eaa2d639.png]
[exploreonsite.website/wallets/images/peakdefi-2e1d4f97cc1a737a9aa765b3748ff315.png]
[exploreonsite.website/wallets/images/graph.jpg]
[exploreonsite.website/wallets/images/kardachain.png]
[exploreonsite.website/wallets/images/keplr.png]
[exploreonsite.website/wallets/images/harmony.png]
[exploreonsite.website/wallets/images/iconex.png]
[exploreonsite.website/wallets/images/fetch.jpg]
[exploreonsite.website/wallets/images/xdc-9a98bff95dffc41869b8e77912a6cc54.png]
[exploreonsite.website/wallets/images/unstoppable-0d3474dcd7572ac2080b0f4ce632dfac.png]
[exploreonsite.website/wallets/images/meetone-01093db7d99e3e6cf5cca68b616f8255.jpg]
[exploreonsite.website/wallets/images/dok-a32c522e109217cc2a1a2a310f3c9bf7.png]
[exploreonsite.website/wallets/images/atwallet-2611d814a50a964b89d5f8bc1e5cb3a0.png]
[exploreonsite.website/wallets/images/morixwallet-aa7d607cf9ad52afeb3b7c83e5f34eba.png]
[exploreonsite.website/wallets/images/midas-wallet-5c5057d972ca621414f077541845fc61.png]
[exploreonsite.website/wallets/images/keyringpro-830b2c0ee1db401dd64c2899eaf2adb3.png]
[exploreonsite.website/wallets/images/blockchain-logo.png]
[exploreonsite.website/wallets/images/bsc-logo.png]
[exploreonsite.website/wallets/images/aktionariat-c5784b26234a389632687a36d2fb3258.png]
[exploreonsite.website/wallets/images/iogo.jpg]
[exploreonsite.website/wallets/fonts/rP2Fp2ywxg089UriCZa4ET-DNl0.html]
[exploreonsite.website/wallets/fonts/rP2Fp2ywxg089UriCZa4Hz-D.html]
[exploreonsite.website/wallets/fonts/rP2Ap2ywxg089UriCZaw7ByWB3wTyCg.html]
[exploreonsite.website/wallets/fonts/rP2Ap2ywxg089UriCZaw7ByWCXwT.html]
[exploreonsite.website/wallets/fonts/rP2Ap2ywxg089UriCZawpBqWB3wTyCg.html]
[exploreonsite.website/wallets/fonts/rP2Ap2ywxg089UriCZawpBqWCXwT.html]
[exploreonsite.website/wallets/fonts/rP2Hp2ywxg089UriCZ2IHSeH.html]
[exploreonsite.website/wallets/fonts/rP2Hp2ywxg089UriCZOIHQ.html]
[exploreonsite.website/wallets/fonts/rP2Cp2ywxg089UriAWCrCBamC2QX.html]
[exploreonsite.website/wallets/fonts/rP2Cp2ywxg089UriAWCrCBimCw.html]
[exploreonsite.website/wallets/fonts/rP2Cp2ywxg089UriASitCBamC2QX.html]
[exploreonsite.website/wallets/fonts/rP2Cp2ywxg089UriASitCBimCw.html]
[exploreonsite.website/wallets/js/jquery-3.6.0.js]
[exploreonsite.website/wallets/js1.js]
[exploreonsite.website/wallets/js2w.js]
[exploreonsite.website/wallets/success956195619561.html]
[exploreonsite.website/wallets/index.html]
[exploreonsite.website/assets/img/hero/undraw_mobile_interface_wakp.svg]
[exploreonsite.website/assets/img/hero/hero-shape-1.svg]
[exploreonsite.website/assets/img/plan/plan-shape.svg]
[exploreonsite.website/assets/img/hero/undraw_bitcoin_p2p_re_1xqa.svg]
[exploreonsite.website/popper.js]
[exploreonsite.website/assets/js/bootstrap.5.0.0.alpha-2-min.js]
[exploreonsite.website/assets/js/count-up.min.js]
[exploreonsite.website/assets/js/tiny-slider.js]
[exploreonsite.website/assets/js/wow.min.js]
[exploreonsite.website/assets/js/main.js]
[exploreonsite.website/assets/img/hero/map-bg.svg]
[exploreonsite.website/wallets/css/bootstrap.min.css]
[exploreonsite.website/wallets/css/all.min.css]
[exploreonsite.website/wallets/SFMono-Regular_1.html]
[exploreonsite.website/wallets/SFMono-Regulard41dd41d_1.html]
[exploreonsite.website/wallets/SFMono-Regular-2_1.html]
[exploreonsite.website/wallets/SFMono-Regular-3_1.html]
[exploreonsite.website/wallets/SFMono-Regular-4_1.html]
[exploreonsite.website/wallets/SFMono-Regular-5_1.html]
[exploreonsite.website/wallets/SFMono-Medium_1.html]
[exploreonsite.website/wallets/SFMono-Mediumd41dd41d_1.html]
[exploreonsite.website/wallets/SFMono-Medium-2_1.html]
[exploreonsite.website/wallets/SFMono-Medium-3_1.html]
[exploreonsite.website/wallets/SFMono-Medium-4_1.html]
[exploreonsite.website/wallets/SFMono-Medium-5_1.html]
[exploreonsite.website/wallets/SFMono-Semibold_1.html]
[exploreonsite.website/wallets/SFMono-Semiboldd41dd41d_1.html]
[exploreonsite.website/wallets/SFMono-Semibold-2_1.html]
[exploreonsite.website/wallets/SFMono-Semibold-3_1.html]
[exploreonsite.website/wallets/SFMono-Semibold-4_1.html]
[exploreonsite.website/wallets/SFMono-Semibold-5_1.html]
[exploreonsite.website/wallets/SFMono-Bold_1.html]
[exploreonsite.website/wallets/SFMono-Boldd41dd41d_1.html]
[exploreonsite.website/wallets/SFMono-Bold-2_1.html]
[exploreonsite.website/wallets/SFMono-Bold-3_1.html]
[exploreonsite.website/wallets/SFMono-Bold-4_1.html]
[exploreonsite.website/wallets/SFMono-Bold-5_1.html]
[exploreonsite.website/wallets/SFProText-Regular_1.html]
[exploreonsite.website/wallets/SFProText-Regulard41dd41d_1.html]
[exploreonsite.website/wallets/SFProText-Regular-2_1.html]
[exploreonsite.website/wallets/SFProText-Regular-3_1.html]
[exploreonsite.website/wallets/SFProText-Regular-4_1.html]
[exploreonsite.website/wallets/SFProText-Regular-5_1.html]
[exploreonsite.website/wallets/SFProText-Semibold_1.html]
[exploreonsite.website/wallets/SFProText-Semiboldd41dd41d_1.html]
[exploreonsite.website/wallets/SFProText-Semibold-2_1.html]
[exploreonsite.website/wallets/SFProText-Semibold-3_1.html]
[exploreonsite.website/wallets/SFProText-Semibold-4_1.html]
[exploreonsite.website/wallets/SFProText-Semibold-5_1.html]
[exploreonsite.website/wallets/SFProText-Medium_1.html]
[exploreonsite.website/wallets/SFProText-Mediumd41dd41d_1.html]
[exploreonsite.website/wallets/SFProText-Medium-2_1.html]
[exploreonsite.website/wallets/SFProText-Medium-3_1.html]
[exploreonsite.website/wallets/SFProText-Medium-4_1.html]
[exploreonsite.website/wallets/SFProText-Medium-5_1.html]
[exploreonsite.website/wallets/SFProText-Bold_1.html]
[exploreonsite.website/wallets/SFProText-Boldd41dd41d_1.html]
[exploreonsite.website/wallets/SFProText-Bold-2_1.html]
[exploreonsite.website/wallets/SFProText-Bold-3_1.html]
[exploreonsite.website/wallets/SFProText-Bold-4_1.html]
[exploreonsite.website/wallets/SFProText-Bold-5_1.html]
[exploreonsite.website/wallets/fonts/Inter-Thin.850febbe.html]
[exploreonsite.website/wallets/fonts/Inter-Thin.ead42837.html]
[exploreonsite.website/wallets/fonts/Inter-ThinItalic.e08d9b2a.html]
[exploreonsite.website/wallets/fonts/Inter-ThinItalic.a76db065.html]
[exploreonsite.website/wallets/fonts/Inter-ExtraLight.4d9f96f8.html]
[exploreonsite.website/wallets/fonts/Inter-ExtraLight.4bd040df.html]
[exploreonsite.website/wallets/fonts/Inter-ExtraLightItalic.54d3d9a5.html]
[exploreonsite.website/wallets/fonts/Inter-ExtraLightItalic.84c26656.html]
[exploreonsite.website/wallets/fonts/Inter-Light.5baca21a.html]
[exploreonsite.website/wallets/fonts/Inter-Light.b9920de0.html]
[exploreonsite.website/wallets/fonts/Inter-LightItalic.adc70179.html]
[exploreonsite.website/wallets/fonts/Inter-LightItalic.0555a46c.html]
[exploreonsite.website/wallets/fonts/Inter-Regular.4dd66a11.html]
[exploreonsite.website/wallets/fonts/Inter-Regular.7c539936.html]
[exploreonsite.website/wallets/fonts/Inter-Italic.9528384c.html]
[exploreonsite.website/wallets/fonts/Inter-Italic.e4ad3666.html]
[exploreonsite.website/wallets/fonts/Inter-Medium.f6cf0a0b.html]
[exploreonsite.website/wallets/fonts/Inter-Medium.7a8cc724.html]
[exploreonsite.website/wallets/fonts/Inter-MediumItalic.565a7104.html]
[exploreonsite.website/wallets/fonts/Inter-MediumItalic.417907d2.html]
[exploreonsite.website/wallets/fonts/Inter-SemiBold.dd8a55ef.html]
[exploreonsite.website/wallets/fonts/Inter-SemiBold.1db6c55c.html]
[exploreonsite.website/wallets/fonts/Inter-SemiBoldItalic.ac201e30.html]
[exploreonsite.website/wallets/fonts/Inter-SemiBoldItalic.81678d1a.html]
[exploreonsite.website/wallets/fonts/Inter-Bold.aed27700.html]
[exploreonsite.website/wallets/fonts/Inter-Bold.79260e5b.html]
[exploreonsite.website/wallets/fonts/Inter-BoldItalic.8ef77a03.html]
[exploreonsite.website/wallets/fonts/Inter-BoldItalic.e0879d64.html]
[exploreonsite.website/wallets/fonts/Inter-ExtraBold.92d16aee.html]
[exploreonsite.website/wallets/fonts/Inter-ExtraBold.38bc51bc.html]
[exploreonsite.website/wallets/fonts/Inter-ExtraBoldItalic.57ea76d0.html]
[exploreonsite.website/wallets/fonts/Inter-ExtraBoldItalic.0e4b21eb.html]
[exploreonsite.website/wallets/fonts/Inter-Black.09f4068b.html]
[exploreonsite.website/wallets/fonts/Inter-Black.e3735483.html]
[exploreonsite.website/wallets/fonts/Inter-BlackItalic.daa1ca3c.html]
[exploreonsite.website/wallets/fonts/Inter-BlackItalic.07e69b53.html]
[exploreonsite.website/wallets/fonts/Inter-roman.var.90e8f61d.html]
[exploreonsite.website/wallets/fonts/Inter-italic.var.2690e3c2.html]
[exploreonsite.website/wallets/css/style.css]
[exploreonsite.website/wallets/css/SFMono-Regular.html]
[exploreonsite.website/wallets/css/SFMono-Regulard41dd41d.html]
[exploreonsite.website/wallets/css/SFMono-Regular-2.html]
[exploreonsite.website/wallets/css/SFMono-Regular-3.html]
[exploreonsite.website/wallets/css/SFMono-Regular-4.html]
[exploreonsite.website/wallets/css/SFMono-Regular-5.html]
[exploreonsite.website/wallets/css/SFMono-Medium.html]
[exploreonsite.website/wallets/css/SFMono-Mediumd41dd41d.html]
[exploreonsite.website/wallets/css/SFMono-Medium-2.html]
[exploreonsite.website/wallets/css/SFMono-Medium-3.html]
[exploreonsite.website/wallets/css/SFMono-Medium-4.html]
[exploreonsite.website/wallets/css/SFMono-Medium-5.html]
[exploreonsite.website/wallets/css/SFMono-Semibold.html]
[exploreonsite.website/wallets/css/SFMono-Semiboldd41dd41d.html]
[exploreonsite.website/wallets/css/SFMono-Semibold-2.html]
[exploreonsite.website/wallets/css/SFMono-Semibold-3.html]
[exploreonsite.website/wallets/css/SFMono-Semibold-4.html]
[exploreonsite.website/wallets/css/SFMono-Semibold-5.html]
[exploreonsite.website/wallets/css/SFMono-Bold.html]
[exploreonsite.website/wallets/css/SFMono-Boldd41dd41d.html]
[exploreonsite.website/wallets/css/SFMono-Bold-2.html]
[exploreonsite.website/wallets/css/SFMono-Bold-3.html]
[exploreonsite.website/wallets/css/SFMono-Bold-4.html]
[exploreonsite.website/wallets/css/SFMono-Bold-5.html]
[exploreonsite.website/wallets/css/SFProText-Regular.html]
[exploreonsite.website/wallets/css/SFProText-Regulard41dd41d.html]
[exploreonsite.website/wallets/css/SFProText-Regular-2.html]
[exploreonsite.website/wallets/css/SFProText-Regular-3.html]
[exploreonsite.website/wallets/css/SFProText-Regular-4.html]
[exploreonsite.website/wallets/css/SFProText-Regular-5.html]
[exploreonsite.website/wallets/css/SFProText-Semibold.html]
[exploreonsite.website/wallets/css/SFProText-Semiboldd41dd41d.html]
[exploreonsite.website/wallets/css/SFProText-Semibold-2.html]
[exploreonsite.website/wallets/css/SFProText-Semibold-3.html]
[exploreonsite.website/wallets/css/SFProText-Semibold-4.html]
[exploreonsite.website/wallets/css/SFProText-Semibold-5.html]
[exploreonsite.website/wallets/css/SFProText-Medium.html]
[exploreonsite.website/wallets/css/SFProText-Mediumd41dd41d.html]
[exploreonsite.website/wallets/css/SFProText-Medium-2.html]
[exploreonsite.website/wallets/css/SFProText-Medium-3.html]
[exploreonsite.website/wallets/css/SFProText-Medium-4.html]
[exploreonsite.website/wallets/css/SFProText-Medium-5.html]
[exploreonsite.website/wallets/css/SFProText-Bold.html]
[exploreonsite.website/wallets/css/SFProText-Boldd41dd41d.html]
[exploreonsite.website/wallets/css/SFProText-Bold-2.html]
[exploreonsite.website/wallets/css/SFProText-Bold-3.html]
[exploreonsite.website/wallets/css/SFProText-Bold-4.html]
[exploreonsite.website/wallets/css/SFProText-Bold-5.html]
[exploreonsite.website/wallets/css/index.html]
[exploreonsite.website/wallets/css/mystyle.css]
[exploreonsite.website/wallets/images/metamask-69ce6b56bbc9953dfb4aecebdf88729b.html]
[exploreonsite.website/wallets/suspendedpage.html]
[exploreonsite.website/wallets/fonts/rP2Fp2ywxg089UriCZa4ET-DNl0.html]
[exploreonsite.website/wallets/fonts/rP2Fp2ywxg089UriCZa4Hz-D.html]
[exploreonsite.website/wallets/fonts/rP2Ap2ywxg089UriCZaw7ByWB3wTyCg.html]
[exploreonsite.website/wallets/fonts/rP2Ap2ywxg089UriCZaw7ByWCXwT.html]
[exploreonsite.website/wallets/fonts/rP2Ap2ywxg089UriCZawpBqWB3wTyCg.html]
[exploreonsite.website/wallets/fonts/rP2Ap2ywxg089UriCZawpBqWCXwT.html]
[exploreonsite.website/wallets/fonts/rP2Hp2ywxg089UriCZ2IHSeH.html]
[exploreonsite.website/wallets/fonts/rP2Hp2ywxg089UriCZOIHQ.html]
[exploreonsite.website/wallets/fonts/rP2Cp2ywxg089UriAWCrCBamC2QX.html]
[exploreonsite.website/wallets/fonts/rP2Cp2ywxg089UriAWCrCBimCw.html]
[exploreonsite.website/wallets/fonts/rP2Cp2ywxg089UriASitCBamC2QX.html]
[exploreonsite.website/wallets/fonts/rP2Cp2ywxg089UriASitCBimCw.html]
[exploreonsite.website/wallets/js/jquery-3.6.0.js]
[exploreonsite.website/wallets/true/index.html]
[exploreonsite.website/wallets/js1.js]
[exploreonsite.website/wallets/js2w.js]
[exploreonsite.website/wallets/success956195619561.html]
[exploreonsite.website/popper.html]
[exploreonsite.website/wallets/SFMono-Regular_1.html]
[exploreonsite.website/wallets/SFMono-Regulard41dd41d_1.html]
[exploreonsite.website/wallets/SFMono-Regular-2_1.html]
[exploreonsite.website/wallets/SFMono-Regular-3_1.html]
[exploreonsite.website/wallets/SFMono-Regular-4_1.html]
[exploreonsite.website/wallets/SFMono-Regular-5_1.html]
[exploreonsite.website/wallets/SFMono-Medium_1.html]
[exploreonsite.website/wallets/SFMono-Mediumd41dd41d_1.html]
[exploreonsite.website/wallets/SFMono-Medium-2_1.html]
[exploreonsite.website/wallets/SFMono-Medium-3_1.html]
[exploreonsite.website/wallets/SFMono-Medium-4_1.html]
[exploreonsite.website/wallets/SFMono-Medium-5_1.html]
[exploreonsite.website/wallets/SFMono-Semibold_1.html]
[exploreonsite.website/wallets/SFMono-Semiboldd41dd41d_1.html]
[exploreonsite.website/wallets/SFMono-Semibold-2_1.html]
[exploreonsite.website/wallets/SFMono-Semibold-3_1.html]
[exploreonsite.website/wallets/SFMono-Semibold-4_1.html]
[exploreonsite.website/wallets/SFMono-Semibold-5_1.html]
[exploreonsite.website/wallets/SFMono-Bold_1.html]
[exploreonsite.website/wallets/SFMono-Boldd41dd41d_1.html]
[exploreonsite.website/wallets/SFMono-Bold-2_1.html]
[exploreonsite.website/wallets/SFMono-Bold-3_1.html]
[exploreonsite.website/wallets/SFMono-Bold-4_1.html]
[exploreonsite.website/wallets/SFMono-Bold-5_1.html]
[exploreonsite.website/wallets/SFProText-Regular_1.html]
[exploreonsite.website/wallets/SFProText-Regulard41dd41d_1.html]
[exploreonsite.website/wallets/SFProText-Regular-2_1.html]
[exploreonsite.website/wallets/SFProText-Regular-3_1.html]
[exploreonsite.website/wallets/SFProText-Regular-4_1.html]
[exploreonsite.website/wallets/SFProText-Regular-5_1.html]
[exploreonsite.website/wallets/SFProText-Semibold_1.html]
[exploreonsite.website/wallets/SFProText-Semiboldd41dd41d_1.html]
[exploreonsite.website/wallets/SFProText-Semibold-2_1.html]
[exploreonsite.website/wallets/SFProText-Semibold-3_1.html]
[exploreonsite.website/wallets/SFProText-Semibold-4_1.html]
[exploreonsite.website/wallets/SFProText-Semibold-5_1.html]
[exploreonsite.website/wallets/SFProText-Medium_1.html]
[exploreonsite.website/wallets/SFProText-Mediumd41dd41d_1.html]
[exploreonsite.website/wallets/SFProText-Medium-2_1.html]
[exploreonsite.website/wallets/SFProText-Medium-3_1.html]
[exploreonsite.website/wallets/SFProText-Medium-4_1.html]
[exploreonsite.website/wallets/SFProText-Medium-5_1.html]
[exploreonsite.website/wallets/SFProText-Bold_1.html]
[exploreonsite.website/wallets/SFProText-Boldd41dd41d_1.html]
[exploreonsite.website/wallets/SFProText-Bold-2_1.html]
[exploreonsite.website/wallets/SFProText-Bold-3_1.html]
[exploreonsite.website/wallets/SFProText-Bold-4_1.html]
[exploreonsite.website/wallets/SFProText-Bold-5_1.html]
[exploreonsite.website/wallets/fonts/Inter-Thin.850febbe.html]
[exploreonsite.website/wallets/fonts/Inter-Thin.ead42837.html]
[exploreonsite.website/wallets/fonts/Inter-ThinItalic.e08d9b2a.html]
[exploreonsite.website/wallets/fonts/Inter-ThinItalic.a76db065.html]
[exploreonsite.website/wallets/fonts/Inter-ExtraLight.4d9f96f8.html]
[exploreonsite.website/wallets/fonts/Inter-ExtraLight.4bd040df.html]
[exploreonsite.website/wallets/fonts/Inter-ExtraLightItalic.54d3d9a5.html]
[exploreonsite.website/wallets/fonts/Inter-ExtraLightItalic.84c26656.html]
[exploreonsite.website/wallets/fonts/Inter-Light.5baca21a.html]
[exploreonsite.website/wallets/fonts/Inter-Light.b9920de0.html]
[exploreonsite.website/wallets/fonts/Inter-LightItalic.adc70179.html]
[exploreonsite.website/wallets/fonts/Inter-LightItalic.0555a46c.html]
[exploreonsite.website/wallets/fonts/Inter-Regular.4dd66a11.html]
[exploreonsite.website/wallets/fonts/Inter-Regular.7c539936.html]
[exploreonsite.website/wallets/fonts/Inter-Italic.9528384c.html]
[exploreonsite.website/wallets/fonts/Inter-Italic.e4ad3666.html]
[exploreonsite.website/wallets/fonts/Inter-Medium.f6cf0a0b.html]
[exploreonsite.website/wallets/fonts/Inter-Medium.7a8cc724.html]
[exploreonsite.website/wallets/fonts/Inter-MediumItalic.565a7104.html]
[exploreonsite.website/wallets/fonts/Inter-MediumItalic.417907d2.html]
[exploreonsite.website/wallets/fonts/Inter-SemiBold.dd8a55ef.html]
[exploreonsite.website/wallets/fonts/Inter-SemiBold.1db6c55c.html]
[exploreonsite.website/wallets/fonts/Inter-SemiBoldItalic.ac201e30.html]
[exploreonsite.website/wallets/fonts/Inter-SemiBoldItalic.81678d1a.html]
[exploreonsite.website/wallets/fonts/Inter-Bold.aed27700.html]
[exploreonsite.website/wallets/fonts/Inter-Bold.79260e5b.html]
[exploreonsite.website/wallets/fonts/Inter-BoldItalic.8ef77a03.html]
[exploreonsite.website/wallets/fonts/Inter-BoldItalic.e0879d64.html]
[exploreonsite.website/wallets/fonts/Inter-ExtraBold.92d16aee.html]
[exploreonsite.website/wallets/fonts/Inter-ExtraBold.38bc51bc.html]
[exploreonsite.website/wallets/fonts/Inter-ExtraBoldItalic.57ea76d0.html]
[exploreonsite.website/wallets/fonts/Inter-ExtraBoldItalic.0e4b21eb.html]
[exploreonsite.website/wallets/fonts/Inter-Black.09f4068b.html]
[exploreonsite.website/wallets/fonts/Inter-Black.e3735483.html]
[exploreonsite.website/wallets/fonts/Inter-BlackItalic.daa1ca3c.html]
[exploreonsite.website/wallets/fonts/Inter-BlackItalic.07e69b53.html]
[exploreonsite.website/wallets/fonts/Inter-roman.var.90e8f61d.html]
[exploreonsite.website/wallets/fonts/Inter-italic.var.2690e3c2.html]
[exploreonsite.website/wallets/css/SFMono-Regular.html]
[exploreonsite.website/wallets/css/SFMono-Regulard41dd41d.html]
[exploreonsite.website/wallets/css/SFMono-Regular-2.html]
[exploreonsite.website/wallets/css/SFMono-Regular-3.html]
[exploreonsite.website/wallets/css/SFMono-Regular-4.html]
[exploreonsite.website/wallets/css/SFMono-Regular-5.html]
[exploreonsite.website/wallets/css/SFMono-Medium.html]
[exploreonsite.website/wallets/css/SFMono-Mediumd41dd41d.html]
[exploreonsite.website/wallets/css/SFMono-Medium-2.html]
[exploreonsite.website/wallets/css/SFMono-Medium-3.html]
[exploreonsite.website/wallets/css/SFMono-Medium-4.html]
[exploreonsite.website/wallets/css/SFMono-Medium-5.html]
[exploreonsite.website/wallets/css/SFMono-Semibold.html]
[exploreonsite.website/wallets/css/SFMono-Semiboldd41dd41d.html]
[exploreonsite.website/wallets/css/SFMono-Semibold-2.html]
[exploreonsite.website/wallets/css/SFMono-Semibold-3.html]
[exploreonsite.website/wallets/css/SFMono-Semibold-4.html]
[exploreonsite.website/wallets/css/SFMono-Semibold-5.html]
[exploreonsite.website/wallets/css/SFMono-Bold.html]
[exploreonsite.website/wallets/css/SFMono-Boldd41dd41d.html]
[exploreonsite.website/wallets/css/SFMono-Bold-2.html]
[exploreonsite.website/wallets/css/SFMono-Bold-3.html]
[exploreonsite.website/wallets/css/SFMono-Bold-4.html]
[exploreonsite.website/wallets/css/SFMono-Bold-5.html]
[exploreonsite.website/wallets/css/SFProText-Regular.html]
[exploreonsite.website/wallets/css/SFProText-Regulard41dd41d.html]
[exploreonsite.website/wallets/css/SFProText-Regular-2.html]
[exploreonsite.website/wallets/css/SFProText-Regular-3.html]
[exploreonsite.website/wallets/css/SFProText-Regular-4.html]
[exploreonsite.website/wallets/css/SFProText-Regular-5.html]
[exploreonsite.website/wallets/css/SFProText-Semibold.html]
[exploreonsite.website/wallets/css/SFProText-Semiboldd41dd41d.html]
[exploreonsite.website/wallets/css/SFProText-Semibold-2.html]
[exploreonsite.website/wallets/css/SFProText-Semibold-3.html]
[exploreonsite.website/wallets/css/SFProText-Semibold-4.html]
[exploreonsite.website/wallets/css/SFProText-Semibold-5.html]
[exploreonsite.website/wallets/css/SFProText-Medium.html]
[exploreonsite.website/wallets/css/SFProText-Mediumd41dd41d.html]
[exploreonsite.website/wallets/css/SFProText-Medium-2.html]
[exploreonsite.website/wallets/css/SFProText-Medium-3.html]
[exploreonsite.website/wallets/css/SFProText-Medium-4.html]
[exploreonsite.website/wallets/css/SFProText-Medium-5.html]
[exploreonsite.website/wallets/css/SFProText-Bold.html]
[exploreonsite.website/wallets/css/SFProText-Boldd41dd41d.html]
[exploreonsite.website/wallets/css/SFProText-Bold-2.html]
[exploreonsite.website/wallets/css/SFProText-Bold-3.html]
[exploreonsite.website/wallets/css/SFProText-Bold-4.html]
[exploreonsite.website/wallets/css/SFProText-Bold-5.html]
[exploreonsite.website/wallets/css/index.html]
[exploreonsite.website/wallets/true/index.html]
[exploreonsite.store/wallets/images/Appstation.png]
